[backblue.gif]
[fade.gif]
[index.html]
[localhost/wordpress/wp-content/themes/astra/assets/fonts/astra.woff]
[localhost/wordpress/feed/index.html]
[localhost/wordpress/comments/feed/index.html]
[localhost/wordpress/wp-content/plugins/elementor/assets/lib/eicons/fonts/eicons0b93.eot]
[localhost/wordpress/wp-json/index.html]
[localhost/wordpress/wp-json/wp/v2/pages/559.json]
[localhost/wordpress/xmlrpc0db0.php]
[localhost/wordpress/wp-includes/wlwmanifest.xml]
[localhost/wordpress/wp-json/oembed/1.0/embed68f4.json]
[localhost/wordpress/wp-json/oembed/1.0/embedd248]
[localhost/wordpress/wp-content/uploads/2021/11/imageedit_7_3571315221.png]
[localhost/wordpress/wp-content/uploads/2021/11/sa-8000-1-1.jpg]
[localhost/wordpress/wp-content/uploads/2021/11/mediamodifier_cropped_image-1-1-1-1.png]
[localhost/wordpress/wp-content/uploads/2021/11/mediamodifier_cropped_image-7-1-1.png]
[localhost/wordpress/wp-content/themes/astra/assets/js/minified/frontend.min1ac1.js]
[localhost/wordpress/wp-includes/js/wp-embed.min080f.js]
[localhost/wordpress/wp-content/plugins/elementor/assets/js/webpack.runtime.min9bf7.js]
[localhost/wordpress/wp-includes/js/jquery/jquery.minaf6c.js]
[localhost/wordpress/wp-includes/js/jquery/jquery-migrate.mind617.js]
[localhost/wordpress/wp-content/plugins/elementor/assets/js/frontend-modules.min9bf7.js]
[localhost/wordpress/wp-content/plugins/elementor/assets/lib/waypoints/waypoints.min05da.js]
[localhost/wordpress/wp-includes/js/jquery/ui/core.min35d0.js]
[localhost/wordpress/wp-content/plugins/elementor/assets/lib/swiper/swiper.min48f5.js]
[localhost/wordpress/wp-content/plugins/elementor/assets/lib/share-link/share-link.min9bf7.js]
[localhost/wordpress/wp-content/plugins/elementor/assets/lib/dialog/dialog.mina288.js]
[localhost/wordpress/wp-content/plugins/elementor/assets/js/frontend.min9bf7.js]
[localhost/wordpress/wp-content/plugins/elementor/assets/js/preloaded-modules.min9bf7.js]
[localhost/wordpress/wp-includes/js/underscore.min0028.js]
[localhost/wordpress/wp-includes/js/wp-util.min080f.js]
[localhost/wordpress/wp-content/plugins/wpforms-lite/assets/js/integrations/elementor/frontend.min7d4c.js]
[localhost/wordpress/index.html]
[localhost/wordpress/wp-content/themes/astra/assets/css/minified/frontend.min1ac1.css]
[localhost/wordpress/wp-content/themes/astra/assets/css/minified/menu-animation.min1ac1.css]
[localhost/wordpress/wp-includes/css/dist/block-library/style.min080f.css]
[localhost/wordpress/wp-content/plugins/elementor/assets/lib/eicons/fonts/eiconsc387.eot]
[localhost/wordpress/wp-content/plugins/elementor/assets/lib/eicons/fonts/eiconsc387.woff2]
[localhost/wordpress/wp-content/plugins/elementor/assets/lib/eicons/fonts/eiconsc387.woff]
[localhost/wordpress/wp-content/plugins/elementor/assets/lib/eicons/fonts/eiconsc387.ttf]
[localhost/wordpress/wp-content/plugins/elementor/assets/lib/eicons/css/elementor-icons.min05c8.css]
[localhost/wordpress/wp-content/plugins/elementor/assets/css/frontend.min9bf7.css]
[localhost/wordpress/wp-content/uploads/elementor/css/post-5898d.css]
[localhost/wordpress/wp-content/uploads/2021/11/front-1-1.jpg]
[localhost/wordpress/wp-content/uploads/elementor/css/post-559d5fc.css]
[localhost/wordpress/wp-content/plugins/elementor/assets/lib/font-awesome/css/fontawesome.min52d5.css]
[localhost/wordpress/wp-content/plugins/elementor/assets/lib/font-awesome/webfonts/fa-solid-900.eot]
[localhost/wordpress/wp-content/plugins/elementor/assets/lib/font-awesome/webfonts/fa-solid-900.woff2]
[localhost/wordpress/wp-content/plugins/elementor/assets/lib/font-awesome/webfonts/fa-solid-900d41d.eot]
[localhost/wordpress/wp-content/plugins/elementor/assets/lib/font-awesome/webfonts/fa-solid-900.woff]
[localhost/wordpress/wp-content/plugins/elementor/assets/lib/font-awesome/webfonts/fa-solid-900.ttf]
[localhost/wordpress/wp-content/plugins/elementor/assets/lib/font-awesome/css/solid.min52d5.css]
[localhost/wordpress/wp-content/plugins/elementor/assets/lib/font-awesome/webfonts/fa-brands-400.eot]
[localhost/wordpress/wp-content/plugins/elementor/assets/lib/font-awesome/webfonts/fa-brands-400.woff2]
[localhost/wordpress/wp-content/plugins/elementor/assets/lib/font-awesome/webfonts/fa-brands-400d41d.eot]
[localhost/wordpress/wp-content/plugins/elementor/assets/lib/font-awesome/webfonts/fa-brands-400.woff]
[localhost/wordpress/wp-content/plugins/elementor/assets/lib/font-awesome/webfonts/fa-brands-400.ttf]
[localhost/wordpress/wp-content/plugins/elementor/assets/lib/font-awesome/css/brands.min52d5.css]
[localhost/wordpress/wp-json/wp/v2/pages/92.json]
[localhost/wordpress/wp-json/oembed/1.0/embed0d2a.json]
[localhost/wordpress/wp-json/oembed/1.0/embed9189]
[localhost/wordpress/wp-content/uploads/2021/11/quality.jpg]
[localhost/wordpress/our-farm/index.html]
[localhost/wordpress/wp-json/wp/v2/pages/119.json]
[localhost/wordpress/wp-json/oembed/1.0/embed941f.json]
[localhost/wordpress/wp-json/oembed/1.0/embedb90f]
[localhost/wordpress/our-produce/index.html]
[localhost/wordpress/wp-json/wp/v2/pages/137.json]
[localhost/wordpress/wp-json/oembed/1.0/embedf324.json]
[localhost/wordpress/wp-json/oembed/1.0/embeda18b]
[localhost/wordpress/wp-content/uploads/2021/11/sa-8000.jpg]
[localhost/wordpress/wp-content/uploads/2021/11/resizedImage.png]
[localhost/wordpress/wp-content/uploads/2021/11/iso-50001-2018-2-1.jpg]
[localhost/wordpress/wp-content/uploads/2021/11/halal-1.jpg]
[localhost/wordpress/wp-content/uploads/2021/11/resizedImage-2.png]
[localhost/wordpress/wp-content/uploads/2021/11/mediamodifier_cropped_image-6.png]
[localhost/wordpress/wp-content/uploads/2021/11/mediamodifier_cropped_image-7.png]
[localhost/wordpress/wp-content/uploads/2021/11/mediamodifier_cropped_image-1-1.png]
[localhost/wordpress/testimonial/index.html]
[localhost/wordpress/wp-json/wp/v2/pages/145.json]
[localhost/wordpress/wp-json/oembed/1.0/embedf48b.json]
[localhost/wordpress/wp-json/oembed/1.0/embed0800]
[localhost/wordpress/wp-content/plugins/wpforms-lite/assets/js/jquery.validate.min6134.js]
[localhost/wordpress/wp-content/plugins/wpforms-lite/assets/js/mailcheck.mincfa9.js]
[localhost/wordpress/wp-content/plugins/wpforms-lite/assets/js/punycode.min8a54.js]
[localhost/wordpress/wp-content/plugins/wpforms-lite/assets/js/wpforms7d4c.js]
[localhost/wordpress/contact-us/index.html]
[localhost/wordpress/wp-content/plugins/elementor/assets/lib/animations/animations.min9bf7.css]
[localhost/wordpress/wp-content/plugins/elementor/assets/lib/eicons/fonts/eiconsc387.svg]
[localhost/wordpress/wp-content/plugins/elementor/assets/lib/font-awesome/webfonts/fa-solid-900.svg]
[localhost/wordpress/wp-content/plugins/elementor/assets/lib/font-awesome/webfonts/fa-brands-400.svg]
[localhost/wordpress/wp-content/uploads/2021/11/pexels-josh-sorenson-1714205.jpg]
[localhost/wordpress/wp-content/uploads/elementor/css/post-9255f2.css]
[localhost/wordpress/index8e15.html]
[localhost/wordpress/wp-content/uploads/2021/11/kelly-sikkema-ml1IgjV8OvY-unsplash-1.jpg]
[localhost/wordpress/wp-content/uploads/elementor/css/post-119fc0a.css]
[localhost/wordpress/index7737.html]
[localhost/wordpress/wp-content/uploads/2021/11/pexels-anete-lusina-4792284-1.jpg]
[localhost/wordpress/wp-content/uploads/elementor/css/post-137e407.css]
[localhost/wordpress/index60d6.html]
[localhost/wordpress/wp-content/uploads/2021/11/kaleb-tapp-J59wWPn09BE-unsplash-1.jpg]
[localhost/wordpress/wp-content/uploads/elementor/css/post-145970e.css]
[localhost/wordpress/indexbe3b.html]
[localhost/wordpress/wp-content/plugins/wpforms-lite/assets/css/wpforms-base.min7d4c.css]
[localhost/wordpress/wp-content/uploads/2021/11/pexels-josh-sorenson-1714205.jpg]
[localhost/wordpress/wp-content/plugins/wpforms-lite/assets/images/times-solid-white.svg]
